        Dim envelopeDefinition As String = $"{{
    ""emailSubject"": ""Please sign the attached document"",
    ""status"": ""sent"",
    ""documents"": [
        {{
            ""filename"": ""anchorfields.pdf"",
            ""name"": ""Example document"",
            ""fileExtension"": ""pdf"",
            ""documentId"": ""1""
        }}
    ],
    ""recipients"": {{
        ""signers"": [
            {{
                ""email"": ""signer_email@example.com"",
                ""name"": ""Signer's name"",
                ""recipientId"": ""1"",
                ""clientUserId"": ""1000"",
                ""tabs"": {{
                    ""signHereTabs"": [
                        {{
                            ""anchorString"": ""/sig1/"",
                            ""anchorXOffset"": ""20"",
                            ""anchorUnits"": ""pixels""
                        }}
                    ]
                }}
            }}
        ]
    }}
}}"
        Dim documents = {
        }


        Dim doRecipientView As Boolean = True
        Dim recipientViewRequest As String = $"{{
    ""returnUrl"": ""https://docusign.com"",
    ""authenticationMethod"": ""none"",
    ""clientUserId"": ""1000"",
    ""email"": ""signer_email@example.com"",
    ""userName"": ""Signer's name""
}}"